[g1.globo.com/sp/presidente-prudente-regiao/noticia/2024/10/31/passageiro-de-onibus-e-preso-em-flagrante-apos-esconder-62kg-de-skunk-dentro-de-mochila-em-presidente-prudente.html]
[cdn.ampproject.org/v0.js]
[securepubads.g.doubleclick.net/tag/js/f.txt]
[s3.glbimg.com/v1/AUTH_acd8438fd650434baa93efc372c066a1/libs/lib-pub-relay/g1/prod/lib-pub-relay-g1-latest.js]
[backblue.gif]
[fade.gif]
[index.html]
[g1.globo.com/sp/presidente-prudente-regiao/noticia/2024/10/31/g1.globo.com/busca]
[s2-g1.glbimg.com/7_CSJ0a2BppGqptPkB7fE1Hacok=/128x128/smart/filters_strip_icc()/i.s3.glbimg.com/v1/AUTH_59edd422c0c84a879bd37670ae4f538a/internal_photos/bs/2021/H/w/YbA657S3aYVfC/g1-favicon.6.delaye]
[s2-g1.glbimg.com/szHLoTRvs6YWm9NNieGM7KU2eEE=/152x152/smart/filters_strip_icc()/i.s3.glbimg.com/v1/AUTH_59edd422c0c84a879bd37670ae4f538a/internal_photos/bs/2021/H/w/YbA657S3aYVfC/g1-favicon.7.delaye]
[s2-g1.glbimg.com/SU2Z6rs9rolyarVbXBSjaN6J0Jw=/167x167/smart/filters_strip_icc()/i.s3.glbimg.com/v1/AUTH_59edd422c0c84a879bd37670ae4f538a/internal_photos/bs/2021/H/w/YbA657S3aYVfC/g1-favicon.8.delaye]
[s2-g1.glbimg.com/t2_E-_cSErv4fsbUVhwwEN0YMX0=/32x32/smart/filters_strip_icc()/i.s3.glbimg.com/v1/AUTH_59edd422c0c84a879bd37670ae4f538a/internal_photos/bs/2021/H/w/YbA657S3aYVfC0P/g1-favicon.5.delaye]
[s2-g1.glbimg.com/S1o7u7ulLX54NM6X_pRUSid8yXg=/180x180/smart/filters_strip_icc()/i.s3.glbimg.com/v1/AUTH_59edd422c0c84a879bd37670ae4f538a/internal_photos/bs/2021/H/w/YbA657S3aYVfC/g1-favicon.9.delaye]
[s2-g1.glbimg.com/ANFXvAeR8V-2tbOMMP9tc2qFqJA=/192x192/smart/filters_strip_icc()/i.s3.glbimg.com/v1/AUTH_59edd422c0c84a879bd37670ae4f538a/internal_photos/bs/2021/H/w/YbA657S3aYVfC/g1-favicon.a.delaye]
[s2-g1.glbimg.com/LsuKXSXhHyq6vHO3DX_fXzijkCg=/196x196/smart/filters_strip_icc()/i.s3.glbimg.com/v1/AUTH_59edd422c0c84a879bd37670ae4f538a/internal_photos/bs/2021/H/w/YbA657S3aYVfC/g1-favicon.b.delaye]
[s2-g1.glbimg.com/GpmOCEG_6A1NUKWKtbzFpijsyR0=/57x57/smart/filters_strip_icc()/i.s3.glbimg.com/v1/AUTH_59edd422c0c84a879bd37670ae4f538a/internal_photos/bs/2021/H/w/YbA657S3aYVfC0P/g1-favicon.c.delaye]
[s2-g1.glbimg.com/ntE_GO6uMpnPlZ2uD5ueQavJQNE=/72x72/smart/filters_strip_icc()/i.s3.glbimg.com/v1/AUTH_59edd422c0c84a879bd37670ae4f538a/internal_photos/bs/2021/H/w/YbA657S3aYVfC0P/g1-favicon.d.delaye]
[s2-g1.glbimg.com/aFlLEuzGSYw2KtjvARZnCsFtgnk=/114x114/smart/filters_strip_icc()/i.s3.glbimg.com/v1/AUTH_59edd422c0c84a879bd37670ae4f538a/internal_photos/bs/2021/H/w/YbA657S3aYVfC/g1-favicon.e.delaye]
[g1.globo.com/sp/presidente-prudente-regiao/noticia/2024/10/31/t/index.html]
[cdn.ampproject.org/v0/amp-social-share-0.1.js]
[cdn.ampproject.org/v0/amp-timeago-0.1.js]
[cdn.ampproject.org/v0/amp-fit-text-0.1.js]
[cdn.ampproject.org/v0/amp-bind-0.1.js]
[cdn.ampproject.org/v0/amp-lightbox-gallery-0.1.js]
[cdn.ampproject.org/v0/amp-carousel-0.1.js]
[cdn.ampproject.org/v0/amp-video-0.1.js]
[s3.glbimg.com/v1/AUTH_f7d75b8ab8c8447292333ff06480419a/nav-cdn/client/2.2.2/fn-cdn-client.min.js]
[s.glbimg.com/jo/g1/static/live/g1_amp/img/g1_logo_json_ld.png]
[g1.globo.com/sp/presidente-prudente-regiao/noticia/2024/10/31/passageiro-de-onibus-e-preso-em-flagrante-apos-esconder-62kg-de-skunk-dentro-de-mochila-em-presidente-prudente93b4.html]
[g1.globo.com/sp/presidente-prudente-regiao/noticia/2024/10/31/passageiro-de-onibus-e-preso-em-flagrante-apos-esconder-62kg-de-skunk-dentro-de-mochila-em-presidente-prudente2f0c.html]
[s3.glbimg.com/v1/AUTH_e1b09a2d222b4900a437a46914be81e5/api/stable/web/api.min.js]
[s3.glbimg.com/v1/AUTH_f75bb4776e3c4683acd769d47144995f/player-assets/1.1.0/playerAssets.min.js]
[s3.glbimg.com/v1/AUTH_f7772c2cb2fd4af2bb8929c0ae6fdba7/dsframework/build/mr_346523/client/bastian-202410b67d985d96a3f4898c5187f7408c923b.js]
[s3.glbimg.com/v1/AUTH_c631e406debd4c4fac98a09d48dc17d1/bastian-post/prod/g1/87dc2a39-d49c-4a11-bfaf-980d5d3591c4/554891ea-0747-4ac4-aeca-79fd48c21162.js]
[s3.glbimg.com/v1/AUTH_c631e406debd4c4fac98a09d48dc17d1/bastian-post/prod/g1/87dc2a39-d49c-4a11-bfaf-980d5d3591c4/554891ea-0747-4ac4-aeca-79fd48c21162.css]
[aswpsdkus.com/notify/v1/ua-sdk.min.js]
[s3.glbimg.com/v1/AUTH_89c6d9f49eec4e768bc6ccddcb31a34b/lgpd-lib/lgpd-lib.min.css]
[s3.glbimg.com/v1/AUTH_89c6d9f49eec4e768bc6ccddcb31a34b/lgpd-lib/lgpd-lib.min.js]
[novabarra.globo.com/webcomponent/index-1.4.3.js]
[s3.glbimg.com/cdn/libs/jquery/1.8.3/jquery.min.js]
[s3.glbimg.com/v1/AUTH_ba8e460c944543468c3c80cb9675751f/integracoes/chartbeat/v1.0.0/chartbeat.min.js]
[g1.globo.com/sp/presidente-prudente-regiao/noticia/2024/10/31/passageiro-de-onibus-e-preso-em-flagrante-apos-esconder-62kg-de-skunk-dentro-de-mochila-em-presidente-prudente.html]
[www.googletagmanager.com/gtm5445.html]
[g1.globo.com/sp/presidente-prudente-regiao/noticia/2024/10/31/g1.globo.com/busca.html]
[g1.globo.com/sp/presidente-prudente-regiao/noticia/2024/10/31/t/index.html]
[g1.globo.com/sp/presidente-prudente-regiao/noticia/2024/10/31/passageiro-de-onibus-e-preso-em-flagrante-apos-esconder-62kg-de-skunk-dentro-de-mochila-em-presidente-prudente93b4.html]
[g1.globo.com/sp/presidente-prudente-regiao/noticia/2024/10/31/passageiro-de-onibus-e-preso-em-flagrante-apos-esconder-62kg-de-skunk-dentro-de-mochila-em-presidente-prudente2f0c.html]
[s3.glbimg.com/v1/AUTH_c5dfc0eef7ee40d68bdd0993be881440/coral-custom-style/style.css]
[s3.glbimg.com/v1/AUTH_b002e0039b9f46a5a4a94ff667d31e2d/assets/dist/c2faecadd5d7fff28d99d5dc004a6c81.js]
[g1.globo.com/sp/presidente-prudente-regiao/noticia/2024/10/31/;path=/index.html]
[s2-g1.glbimg.com/JbMmngfzl58eHM1fLMvK73QvhRs=/0x0_597x414/984x0/smart/filters_strip_icc()/i.s3.glbimg.com/v1/AUTH_59edd422c0c84a879bd37670ae4f538a/internal_photos/bs/2024/y/d/pV/foto-droga.1c.delaye]
[s3.glbimg.com/v1/AUTH_c631e406debd4c4fac98a09d48dc17d1/bastian-post/prod/g1/87dc2a39-d49c-4a11-bfaf-980d5d3591c4/img/post-lib-media/video_icon.svg]
[s3.glbimg.com/v1/AUTH_c631e406debd4c4fac98a09d48dc17d1/bastian-post/prod/g1/87dc2a39-d49c-4a11-bfaf-980d5d3591c4/img/post-economia/valor.svg]
[s3.glbimg.com/v1/AUTH_c631e406debd4c4fac98a09d48dc17d1/bastian-post/prod/g1/87dc2a39-d49c-4a11-bfaf-980d5d3591c4/img/post-economia-cotacao/valorLogo.svg]
[s3.glbimg.com/v1/AUTH_c631e406debd4c4fac98a09d48dc17d1/bastian-post/prod/g1/87dc2a39-d49c-4a11-bfaf-980d5d3591c4/img/post-previsao-do-tempo/climatempo-logo.svg]
[s3.glbimg.com/v1/AUTH_c631e406debd4c4fac98a09d48dc17d1/bastian-post/prod/g1/87dc2a39-d49c-4a11-bfaf-980d5d3591c4/img/post-previsao-do-tempo/Icon1.svg]
[s3.glbimg.com/v1/AUTH_c631e406debd4c4fac98a09d48dc17d1/bastian-post/prod/g1/87dc2a39-d49c-4a11-bfaf-980d5d3591c4/img/post-previsao-do-tempo/Icon1n.svg]
[s3.glbimg.com/v1/AUTH_c631e406debd4c4fac98a09d48dc17d1/bastian-post/prod/g1/87dc2a39-d49c-4a11-bfaf-980d5d3591c4/img/post-previsao-do-tempo/Icon2.svg]
[s3.glbimg.com/v1/AUTH_c631e406debd4c4fac98a09d48dc17d1/bastian-post/prod/g1/87dc2a39-d49c-4a11-bfaf-980d5d3591c4/img/post-previsao-do-tempo/Icon2n.svg]
[s3.glbimg.com/v1/AUTH_c631e406debd4c4fac98a09d48dc17d1/bastian-post/prod/g1/87dc2a39-d49c-4a11-bfaf-980d5d3591c4/img/post-previsao-do-tempo/Icon2r.svg]
[s3.glbimg.com/v1/AUTH_c631e406debd4c4fac98a09d48dc17d1/bastian-post/prod/g1/87dc2a39-d49c-4a11-bfaf-980d5d3591c4/img/post-previsao-do-tempo/Icon2rn.svg]
[s3.glbimg.com/v1/AUTH_c631e406debd4c4fac98a09d48dc17d1/bastian-post/prod/g1/87dc2a39-d49c-4a11-bfaf-980d5d3591c4/img/post-previsao-do-tempo/Icon3.svg]
[s3.glbimg.com/v1/AUTH_c631e406debd4c4fac98a09d48dc17d1/bastian-post/prod/g1/87dc2a39-d49c-4a11-bfaf-980d5d3591c4/img/post-previsao-do-tempo/Icon3n.svg]
[s3.glbimg.com/v1/AUTH_c631e406debd4c4fac98a09d48dc17d1/bastian-post/prod/g1/87dc2a39-d49c-4a11-bfaf-980d5d3591c4/img/post-previsao-do-tempo/Icon4.svg]
[s3.glbimg.com/v1/AUTH_c631e406debd4c4fac98a09d48dc17d1/bastian-post/prod/g1/87dc2a39-d49c-4a11-bfaf-980d5d3591c4/img/post-previsao-do-tempo/Icon4n.svg]
[s3.glbimg.com/v1/AUTH_c631e406debd4c4fac98a09d48dc17d1/bastian-post/prod/g1/87dc2a39-d49c-4a11-bfaf-980d5d3591c4/img/post-previsao-do-tempo/Icon4r.svg]
[s3.glbimg.com/v1/AUTH_c631e406debd4c4fac98a09d48dc17d1/bastian-post/prod/g1/87dc2a39-d49c-4a11-bfaf-980d5d3591c4/img/post-previsao-do-tempo/Icon4rn.svg]
[s3.glbimg.com/v1/AUTH_c631e406debd4c4fac98a09d48dc17d1/bastian-post/prod/g1/87dc2a39-d49c-4a11-bfaf-980d5d3591c4/img/post-previsao-do-tempo/Icon4t.svg]
[s3.glbimg.com/v1/AUTH_c631e406debd4c4fac98a09d48dc17d1/bastian-post/prod/g1/87dc2a39-d49c-4a11-bfaf-980d5d3591c4/img/post-previsao-do-tempo/Icon4tn.svg]
[s3.glbimg.com/v1/AUTH_c631e406debd4c4fac98a09d48dc17d1/bastian-post/prod/g1/87dc2a39-d49c-4a11-bfaf-980d5d3591c4/img/post-previsao-do-tempo/Icon5.svg]
[s3.glbimg.com/v1/AUTH_c631e406debd4c4fac98a09d48dc17d1/bastian-post/prod/g1/87dc2a39-d49c-4a11-bfaf-980d5d3591c4/img/post-previsao-do-tempo/Icon5n.svg]
[s3.glbimg.com/v1/AUTH_c631e406debd4c4fac98a09d48dc17d1/bastian-post/prod/g1/87dc2a39-d49c-4a11-bfaf-980d5d3591c4/img/post-previsao-do-tempo/Icon6.svg]
[s3.glbimg.com/v1/AUTH_c631e406debd4c4fac98a09d48dc17d1/bastian-post/prod/g1/87dc2a39-d49c-4a11-bfaf-980d5d3591c4/img/post-previsao-do-tempo/Icon6n.svg]
[s3.glbimg.com/v1/AUTH_c631e406debd4c4fac98a09d48dc17d1/bastian-post/prod/g1/87dc2a39-d49c-4a11-bfaf-980d5d3591c4/img/post-previsao-do-tempo/Icon7.svg]
[s3.glbimg.com/v1/AUTH_c631e406debd4c4fac98a09d48dc17d1/bastian-post/prod/g1/87dc2a39-d49c-4a11-bfaf-980d5d3591c4/img/post-previsao-do-tempo/Icon7n.svg]
[s3.glbimg.com/v1/AUTH_c631e406debd4c4fac98a09d48dc17d1/bastian-post/prod/g1/87dc2a39-d49c-4a11-bfaf-980d5d3591c4/img/post-previsao-do-tempo/Icon8.svg]
[s3.glbimg.com/v1/AUTH_c631e406debd4c4fac98a09d48dc17d1/bastian-post/prod/g1/87dc2a39-d49c-4a11-bfaf-980d5d3591c4/img/post-previsao-do-tempo/Icon9.svg]
[s3.glbimg.com/v1/AUTH_c631e406debd4c4fac98a09d48dc17d1/bastian-post/prod/g1/87dc2a39-d49c-4a11-bfaf-980d5d3591c4/img/post-previsao-do-tempo/Icon11.svg]
[s3.glbimg.com/v1/AUTH_c631e406debd4c4fac98a09d48dc17d1/bastian-post/prod/g1/87dc2a39-d49c-4a11-bfaf-980d5d3591c4/img/post-previsao-do-tempo/Icon13.svg]
[s3.glbimg.com/v1/AUTH_c631e406debd4c4fac98a09d48dc17d1/bastian-post/prod/g1/87dc2a39-d49c-4a11-bfaf-980d5d3591c4/554891ea-0747-4ac4-aeca-79fd48c21162.css]
[s3.glbimg.com/v1/AUTH_89c6d9f49eec4e768bc6ccddcb31a34b/lgpd-lib/lgpd-lib.min.css]
[s3.glbimg.com/v1/AUTH_b922f1376f6c452e9bb337cc7d996a6e/codex/foundation/typefaces/version/6408cb8fc43ff49841e181db/globotipo-variable.css]
[g1.globo.com/sp/presidente-prudente-regiao/noticia/2024/10/31/;path=/index.html]
[s3.glbimg.com/v1/AUTH_c631e406debd4c4fac98a09d48dc17d1/bastian-post/prod/g1/87dc2a39-d49c-4a11-bfaf-980d5d3591c4/img/post-lib-media/playlist_icon.svg]
[s3.glbimg.com/v1/AUTH_c631e406debd4c4fac98a09d48dc17d1/bastian-post/prod/g1/87dc2a39-d49c-4a11-bfaf-980d5d3591c4/img/post-lib-media/video_icon.svg]
[s3.glbimg.com/v1/AUTH_c631e406debd4c4fac98a09d48dc17d1/bastian-post/prod/g1/87dc2a39-d49c-4a11-bfaf-980d5d3591c4/img/post-lib-media/image-gallery_icon.svg]
[s3.glbimg.com/v1/AUTH_c631e406debd4c4fac98a09d48dc17d1/bastian-post/prod/g1/87dc2a39-d49c-4a11-bfaf-980d5d3591c4/img/post-economia/valor.svg]
[s3.glbimg.com/v1/AUTH_c631e406debd4c4fac98a09d48dc17d1/bastian-post/prod/g1/87dc2a39-d49c-4a11-bfaf-980d5d3591c4/img/post-economia-cotacao/valorLogo.svg]
[s3.glbimg.com/v1/AUTH_c631e406debd4c4fac98a09d48dc17d1/bastian-post/prod/g1/87dc2a39-d49c-4a11-bfaf-980d5d3591c4/img/post-previsao-do-tempo/climatempo-logo.svg]
[s3.glbimg.com/v1/AUTH_c631e406debd4c4fac98a09d48dc17d1/bastian-post/prod/g1/87dc2a39-d49c-4a11-bfaf-980d5d3591c4/img/post-previsao-do-tempo/Icon1.svg]
[s3.glbimg.com/v1/AUTH_c631e406debd4c4fac98a09d48dc17d1/bastian-post/prod/g1/87dc2a39-d49c-4a11-bfaf-980d5d3591c4/img/post-previsao-do-tempo/Icon1n.svg]
[s3.glbimg.com/v1/AUTH_c631e406debd4c4fac98a09d48dc17d1/bastian-post/prod/g1/87dc2a39-d49c-4a11-bfaf-980d5d3591c4/img/post-previsao-do-tempo/Icon2.svg]
[s3.glbimg.com/v1/AUTH_c631e406debd4c4fac98a09d48dc17d1/bastian-post/prod/g1/87dc2a39-d49c-4a11-bfaf-980d5d3591c4/img/post-previsao-do-tempo/Icon2n.svg]
[s3.glbimg.com/v1/AUTH_c631e406debd4c4fac98a09d48dc17d1/bastian-post/prod/g1/87dc2a39-d49c-4a11-bfaf-980d5d3591c4/img/post-previsao-do-tempo/Icon2r.svg]
[s3.glbimg.com/v1/AUTH_c631e406debd4c4fac98a09d48dc17d1/bastian-post/prod/g1/87dc2a39-d49c-4a11-bfaf-980d5d3591c4/img/post-previsao-do-tempo/Icon2rn.svg]
[s3.glbimg.com/v1/AUTH_c631e406debd4c4fac98a09d48dc17d1/bastian-post/prod/g1/87dc2a39-d49c-4a11-bfaf-980d5d3591c4/img/post-previsao-do-tempo/Icon3.svg]
[s3.glbimg.com/v1/AUTH_c631e406debd4c4fac98a09d48dc17d1/bastian-post/prod/g1/87dc2a39-d49c-4a11-bfaf-980d5d3591c4/img/post-previsao-do-tempo/Icon3n.svg]
[s3.glbimg.com/v1/AUTH_c631e406debd4c4fac98a09d48dc17d1/bastian-post/prod/g1/87dc2a39-d49c-4a11-bfaf-980d5d3591c4/img/post-previsao-do-tempo/Icon4.svg]
[s3.glbimg.com/v1/AUTH_c631e406debd4c4fac98a09d48dc17d1/bastian-post/prod/g1/87dc2a39-d49c-4a11-bfaf-980d5d3591c4/img/post-previsao-do-tempo/Icon4n.svg]
[s3.glbimg.com/v1/AUTH_c631e406debd4c4fac98a09d48dc17d1/bastian-post/prod/g1/87dc2a39-d49c-4a11-bfaf-980d5d3591c4/img/post-previsao-do-tempo/Icon4r.svg]
[s3.glbimg.com/v1/AUTH_c631e406debd4c4fac98a09d48dc17d1/bastian-post/prod/g1/87dc2a39-d49c-4a11-bfaf-980d5d3591c4/img/post-previsao-do-tempo/Icon4rn.svg]
[s3.glbimg.com/v1/AUTH_c631e406debd4c4fac98a09d48dc17d1/bastian-post/prod/g1/87dc2a39-d49c-4a11-bfaf-980d5d3591c4/img/post-previsao-do-tempo/Icon4t.svg]
[s3.glbimg.com/v1/AUTH_c631e406debd4c4fac98a09d48dc17d1/bastian-post/prod/g1/87dc2a39-d49c-4a11-bfaf-980d5d3591c4/img/post-previsao-do-tempo/Icon4tn.svg]
[s3.glbimg.com/v1/AUTH_c631e406debd4c4fac98a09d48dc17d1/bastian-post/prod/g1/87dc2a39-d49c-4a11-bfaf-980d5d3591c4/img/post-previsao-do-tempo/Icon5.svg]
[s3.glbimg.com/v1/AUTH_c631e406debd4c4fac98a09d48dc17d1/bastian-post/prod/g1/87dc2a39-d49c-4a11-bfaf-980d5d3591c4/img/post-previsao-do-tempo/Icon5n.svg]
[s3.glbimg.com/v1/AUTH_c631e406debd4c4fac98a09d48dc17d1/bastian-post/prod/g1/87dc2a39-d49c-4a11-bfaf-980d5d3591c4/img/post-previsao-do-tempo/Icon6.svg]
[s3.glbimg.com/v1/AUTH_c631e406debd4c4fac98a09d48dc17d1/bastian-post/prod/g1/87dc2a39-d49c-4a11-bfaf-980d5d3591c4/img/post-previsao-do-tempo/Icon6n.svg]
[s3.glbimg.com/v1/AUTH_c631e406debd4c4fac98a09d48dc17d1/bastian-post/prod/g1/87dc2a39-d49c-4a11-bfaf-980d5d3591c4/img/post-previsao-do-tempo/Icon7.svg]
[s3.glbimg.com/v1/AUTH_c631e406debd4c4fac98a09d48dc17d1/bastian-post/prod/g1/87dc2a39-d49c-4a11-bfaf-980d5d3591c4/img/post-previsao-do-tempo/Icon7n.svg]
[s3.glbimg.com/v1/AUTH_c631e406debd4c4fac98a09d48dc17d1/bastian-post/prod/g1/87dc2a39-d49c-4a11-bfaf-980d5d3591c4/img/post-previsao-do-tempo/Icon8.svg]
[s3.glbimg.com/v1/AUTH_c631e406debd4c4fac98a09d48dc17d1/bastian-post/prod/g1/87dc2a39-d49c-4a11-bfaf-980d5d3591c4/img/post-previsao-do-tempo/Icon9.svg]
[s3.glbimg.com/v1/AUTH_c631e406debd4c4fac98a09d48dc17d1/bastian-post/prod/g1/87dc2a39-d49c-4a11-bfaf-980d5d3591c4/img/post-previsao-do-tempo/Icon11.svg]
[s3.glbimg.com/v1/AUTH_c631e406debd4c4fac98a09d48dc17d1/bastian-post/prod/g1/87dc2a39-d49c-4a11-bfaf-980d5d3591c4/img/post-previsao-do-tempo/Icon13.svg]
[s3.glbimg.com/v1/AUTH_c631e406debd4c4fac98a09d48dc17d1/bastian-post/prod/g1/87dc2a39-d49c-4a11-bfaf-980d5d3591c4/img/post-previsao-do-tempo/Icon15.svg]
[s3.glbimg.com/v1/AUTH_c631e406debd4c4fac98a09d48dc17d1/bastian-post/prod/g1/87dc2a39-d49c-4a11-bfaf-980d5d3591c4/img/post-previsao-do-tempo/Icon15.svg]
